12:22:11 **** Incremental Build of configuration Debug for project lwip ****
make all 
D:/Xilinx/Vitis/2022.1/gnuwin/bin/make --no-print-directory pre-build
a9-linaro-pre-build-step
' '
D:/Xilinx/Vitis/2022.1/gnuwin/bin/make --no-print-directory main-build
'Building file: ../src/main.c'
'Invoking: ARM v7 gcc compiler'
arm-none-eabi-gcc -Wall -O0 -g3 -c -fmessage-length=0 -MT"src/main.o" -mcpu=cortex-a9 -mfpu=vfpv3 -mfloat-abi=hard -II:/FPGA/OurEDA_P1K/micro_blaze_ps_v1/skd_Micro_a_A9_v3/ARM/export/ARM/sw/ARM/standalone_ps7_cortexa9_0/bspinclude/include -MMD -MP -MF"src/main.d" -MT"src/main.o" -o "src/main.o" "../src/main.c"
In file included from ../src/main.c:3:
../src/main.c: In function 'uart_init':
I:/FPGA/OurEDA_P1K/micro_blaze_ps_v1/skd_Micro_a_A9_v3/ARM/export/ARM/sw/ARM/standalone_ps7_cortexa9_0/bspinclude/include/xstatus.h:43:41: warning: 'return' with a value, in function returning void [-Wreturn-type]
   43 | #define XST_FAILURE                     1L
      |                                         ^~
../src/main.c:143:24: note: in expansion of macro 'XST_FAILURE'
  143 |                 return XST_FAILURE;
      |                        ^~~~~~~~~~~
../src/main.c:137:13: note: declared here
  137 | static void uart_init()
      |             ^~~~~~~~~
'Finished building: ../src/main.c'
' '
'Building file: ../src/sys_intr.c'
'Invoking: ARM v7 gcc compiler'
arm-none-eabi-gcc -Wall -O0 -g3 -c -fmessage-length=0 -MT"src/sys_intr.o" -mcpu=cortex-a9 -mfpu=vfpv3 -mfloat-abi=hard -II:/FPGA/OurEDA_P1K/micro_blaze_ps_v1/skd_Micro_a_A9_v3/ARM/export/ARM/sw/ARM/standalone_ps7_cortexa9_0/bspinclude/include -MMD -MP -MF"src/sys_intr.d" -MT"src/sys_intr.o" -o "src/sys_intr.o" "../src/sys_intr.c"
'Finished building: ../src/sys_intr.c'
' '
'Building file: ../src/user_udp.c'
'Invoking: ARM v7 gcc compiler'
arm-none-eabi-gcc -Wall -O0 -g3 -c -fmessage-length=0 -MT"src/user_udp.o" -mcpu=cortex-a9 -mfpu=vfpv3 -mfloat-abi=hard -II:/FPGA/OurEDA_P1K/micro_blaze_ps_v1/skd_Micro_a_A9_v3/ARM/export/ARM/sw/ARM/standalone_ps7_cortexa9_0/bspinclude/include -MMD -MP -MF"src/user_udp.d" -MT"src/user_udp.o" -o "src/user_udp.o" "../src/user_udp.c"
../src/user_udp.c: In function 'udp_recv_callback':
../src/user_udp.c:17:15: warning: unused variable 'err' [-Wunused-variable]
   17 |         err_t err;
      |               ^~~
../src/user_udp.c: In function 'user_udp_init':
../src/user_udp.c:60:23: warning: passing argument 2 of 'udp_recv' from incompatible pointer type [-Wincompatible-pointer-types]
   60 |         udp_recv(pcb, udp_recv_callback, NULL);
      |                       ^~~~~~~~~~~~~~~~~
      |                       |
      |                       void (*)(void *, struct udp_pcb *, struct pbuf *, ip_addr_t *, u16_t) {aka void (*)(void *, struct udp_pcb *, struct pbuf *, struct ip4_addr *, short unsigned int)}
In file included from ../src/user_udp.h:5,
                 from ../src/user_udp.c:1:
I:/FPGA/OurEDA_P1K/micro_blaze_ps_v1/skd_Micro_a_A9_v3/ARM/export/ARM/sw/ARM/standalone_ps7_cortexa9_0/bspinclude/include/lwip/udp.h:131:67: note: expected 'udp_recv_fn' {aka 'void (*)(void *, struct udp_pcb *, struct pbuf *, const struct ip4_addr *, short unsigned int)'} but argument is of type 'void (*)(void *, struct udp_pcb *, struct pbuf *, ip_addr_t *, u16_t)' {aka 'void (*)(void *, struct udp_pcb *, struct pbuf *, struct ip4_addr *, short unsigned int)'}
  131 | void             udp_recv       (struct udp_pcb *pcb, udp_recv_fn recv,
      |                                                       ~~~~~~~~~~~~^~~~
../src/user_udp.c: In function 'udp_printf':
../src/user_udp.c:72:14: warning: unused variable 'send_buff' [-Wunused-variable]
   72 |         char send_buff[14] = "Hello World!\r\n";
      |              ^~~~~~~~~
'Finished building: ../src/user_udp.c'
' '
'Building target: lwip.elf'
'Invoking: ARM v7 gcc linker'
arm-none-eabi-gcc -mcpu=cortex-a9 -mfpu=vfpv3 -mfloat-abi=hard -Wl,-build-id=none -specs=Xilinx.spec -Wl,-T -Wl,../src/lscript.ld -LI:/FPGA/OurEDA_P1K/micro_blaze_ps_v1/skd_Micro_a_A9_v3/ARM/export/ARM/sw/ARM/standalone_ps7_cortexa9_0/bsplib/lib -o "lwip.elf"  ./src/main.o ./src/sys_intr.o ./src/user_udp.o   -Wl,--start-group,-lxil,-lgcc,-lc,--end-group -Wl,--start-group,-lxilffs,-lxil,-lgcc,-lc,--end-group -Wl,--start-group,-lxil,-llwip4,-lgcc,-lc,--end-group
'Finished building target: lwip.elf'
' '
'Invoking: ARM v7 Print Size'
arm-none-eabi-size lwip.elf  |tee "lwip.elf.size"
   text	   data	    bss	    dec	    hex	filename
 106454	   3052	3201136	3310642	 328432	lwip.elf
'Finished building: lwip.elf.size'
' '

12:22:14 Build Finished (took 2s.354ms)

